// Jest Snapshot v1, https://goo.gl/fbAQLP

exports[`should render BlogFilters correctly 1`] = `
<div
  className="filters"
>
  <input
    className="input filters__input"
    onChange={[Function]}
    placeholder="Search..."
    type="text"
    value=""
  />
  <select
    className="input"
    onChange={[Function]}
    value="title"
  >
    <option
      value="title"
    >
      Title
    </option>
    <option
      value="author"
    >
      Author
    </option>
  </select>
</div>
`;
